// Jest Snapshot v1, https://goo.gl/fbAQLP

exports[`renders correctly 1`] = `
<div
  className="nav"
>
  I'm the navbar component
</div>
`;
